[lijia.framer.website/index.html]
[backblue.gif]
[fade.gif]
[index.html]
[framerusercontent.com/images/jVzdtAD9o6BI6NMRELVABll04.png]
[framerusercontent.com/images/JU4ZMUmDnssHkHLTf52KqSCBhg.png]
[framerusercontent.com/images/1piJ60MUitpUsMvfMwxl7lJU3w.png]
[framerusercontent.com/images/zl2YDMvwu1jRe29S7EVkyQYMP4.png]
[framerusercontent.com/images/ZiyNDOKgl2i1NJ2U43VGqNu3qE.png]
[framerusercontent.com/images/dbrwsZflHInFXHf9vtkjcyI68c.png]
[framerusercontent.com/images/hPwYjfXunR9FhOj1PKEkFxn7OLs.png]
[framerusercontent.com/images/GPKe3fVDmV0v0BVkSfYzdT8SoQ.png]
[framerusercontent.com/images/5nQ5X3YRgdhkgBI49OdQbGdo4.png]
[framerusercontent.com/images/GVuFrv5A4fb5c6B84xS8sC73gw.png]
[framerusercontent.com/images/LDtRcEGV59uh7g3ab5QN3ThVs.png]
[framerusercontent.com/images/cBZkRdvjpg9Yg0TRP6N86j7ByAY.png]
[framerusercontent.com/images/bA0Pd0gVWrWKgnNfpyLneiFLLA.png]
[framerusercontent.com/images/emFEZGb8JggBJS8S6rXGpTHC1B4.png]
[framerusercontent.com/images/MK26dU7QhvXnvMBhnEzg3hnmrt8.png]
[framerusercontent.com/images/YNZL4wshpMGD4cpGrCndvoYw4.png]
[framerusercontent.com/images/N6AnRGahqLefRLz9lh8cuNbTN5w.png]
[framerusercontent.com/images/RimS4v5gx2QxvB4UhidwJUAqiSc.png]
[framerusercontent.com/images/XrEWp2Lxc8w9Glq0uPxlclulxOE.png]
[framerusercontent.com/images/VKE5yehiE0qXMYWLnJTF58ug.png]
[framerusercontent.com/images/zv8hIG3gj4n04ZSLdMZ9NjSpIc.png]
[framerusercontent.com/images/xEqKztZDpCRjg3XVKzlPPJrWeM.png]
[framerusercontent.com/images/P42Zp1yjtw5yZDjepqUmyYSBRFc.png]
[framerusercontent.com/images/5dPstV39JpGKw5YerBLWmJTak.png]
[framerusercontent.com/images/ghldArdFBTqrwJXgC7Cvz2aNM3k.png]
[framerusercontent.com/images/U1rOIBZ43lmfPSW0zVM3DO7Znc.png]
[framerusercontent.com/images/1dyQFEPrt9jAD9ffh0l8RsGIh5E.png]
[framerusercontent.com/images/BXiCxGf34S1FieIKv8Zw8k6eA3Q17f5.png]
[framerusercontent.com/images/VqJkzuCCAVp6ePhpxIVee03hI.png]
[framerusercontent.com/images/H43BUnpxjPTge8OULvM3k6XsTU.png]
[framerusercontent.com/images/1bFhAjmVVhENrVhRFk0bhexXPyk.png]
[framerusercontent.com/images/WZMNjBboq9mu5poNuPDXrfBmxs.png]
[framerusercontent.com/images/GnTMdPXvtpe2NgM1q3rOk5LUBg.png]
[framerusercontent.com/images/pMtgJT0EFNZbbP0Le4SpFiiA8.png]
[framerusercontent.com/images/yOUn8DXUnEHjworcZKhSYlGMw.png]
[framerusercontent.com/images/MT26oZOrR5UmzipxVsNl64lqSc.png]
[framerusercontent.com/images/tP4dyrjCqiLyWEqvTCf9uZVEzuM.png]
[framerusercontent.com/images/qkxdtLL5tiZK4cZpjFpdlNkoWw9ae5.png]
[framerusercontent.com/images/pDKowsNkwcAUSvwRxLbyDzEGMlQ.png]
[framerusercontent.com/images/84SuEdiKtwz8QFri1jA6Ku9L3o.png]
[framerusercontent.com/images/GBLA3XrQ03M375mynKKsOL2eXY.png]
[framerusercontent.com/images/gh7YsdUtwg6dVDuZxU679bdYU.png]
[framerusercontent.com/images/DiCr7174VJHTQlhajYxMJpD0sY.png]
[framerusercontent.com/images/GvNfFQe3koruHNgHTHui1aBCJk.png]
[framerusercontent.com/images/JP79PT3lPcUe1HhXNG3912fZea0.png]
[framerusercontent.com/images/qJuNSUhBcVVlL7UZA1c4UpvN3E.png]
[framerusercontent.com/images/mwN2L1e93Dx8Mivr25w2HB6XmU.png]
[framerusercontent.com/images/PfszPLxgZ9NhMySn3a2tSHQng.png]
[framerusercontent.com/images/rPzXjjkrd5QNW2gnIUmrVRY42Y.png]
[framerusercontent.com/images/5PfWeu1fXA5wkMSJg3ljB3zMCBU.png]
[framerusercontent.com/images/HFm1TyRHAJRvZfalbgKA49pb0.png]
[framerusercontent.com/images/GcHR9SUlfZEjrfCgEQtAxHBtGc.png]
[framerusercontent.com/images/lLO2OJYHfM4yWIVVEHb4leuuR7E.png]
[framerusercontent.com/images/Q6nmJ01DLuqxPBSbIbgNvmy3K4.png]
[framerusercontent.com/images/Cl6X90OWMoQFPCK4SBwLjgcIQnc.png]
[framerusercontent.com/images/3gIceEtsoXLT5PBbs6QNVw91Qx0.png]
[framerusercontent.com/images/t2EaqfMGxx23j0KF55emXsqHIs.png]
[framerusercontent.com/images/JdutBY645px1pNCFix0Tt90kO8U.png]
[framerusercontent.com/images/SVrUGPaAPnmN1en1bWTHVtZk4s.png]
[framerusercontent.com/images/6nygvMe17gv7l5k8BT7zuQc1UhY.jpg]
[framerusercontent.com/images/G3QsLY8orzlsP8RbORWMsVox8AA.png]
[framerusercontent.com/images/ViDTh45RseKeXTaFTg6RCQ9v1KU.png]
[framerusercontent.com/images/VjT5dKxEGp0bayF76c9pBr7Fl4.png]
[framerusercontent.com/images/LlQ8bPZOSxRhx6RtOKHATnGLvGk.png]
[framerusercontent.com/images/NbAXsj3XG2eWJSm4rhrjwfWWqgw.png]
[framerusercontent.com/images/opd6f4bniSpc7fbZgf9iXswauM.png]
[framerusercontent.com/images/T6JMu9oCGAq1zjCwAJdWxjesJDwbf23.png]
[framerusercontent.com/images/4iZsJlxiGwX6xpMkepGSNSKX7kg.png]
[framerusercontent.com/images/aFUb82JJl6aJoWzjZjURA68mtBY.png]
[framerusercontent.com/images/M8Bcaqq4voABhiQjgH374tLnw.png]
[framerusercontent.com/images/u5Fp8uPrGJ8kc7B91Fi2dMdOs.png]
[framerusercontent.com/images/omMDTlJYD8BzX37DJGxKjSV8x4.png]
[framerusercontent.com/images/upmiC34vFSOH0XV5b8KBh2dAa58.png]
[framerusercontent.com/images/Yycf9EPhqcwAkeonFP7XqJPlov4.png]
[framerusercontent.com/images/JJmaCVYAPvxHnSidYlwHHzdCw.png]
[framerusercontent.com/images/T5n3od4JqrpGc36B1ryned7KXY17f5.png]
[framerusercontent.com/images/OM6EoLxNkOyuHJkVrMQElxk978.png]
[framerusercontent.com/images/klSflGkFEz1c9yHtDdzuopKdo.png]
[framerusercontent.com/images/lsXanciingH4lzzoHPjPakvyEU.png]
[framerusercontent.com/images/57ySoaRuc5JJAQ6l7jjHWDeuRh0.png]
[framerusercontent.com/images/TkDu9Lt6qfE4HPrAX12um3O3HA.png]
[framerusercontent.com/images/ZeFyTAJ7XtR8LmVkHxI3QmcuaK0.png]
[framerusercontent.com/images/wmh0F0qtYKz1LkjJq5VV5VfiNcI.png]
[framerusercontent.com/images/LLe9Vm9u8g9vaVGKeg1qCOMOWy4.png]
[framerusercontent.com/images/u3Wje16LQhyEqX9fGJ7LzZ1uc.png]
[framerusercontent.com/images/FW66tbcAuTSNdiJblPLrBWtob4.png]
[framerusercontent.com/images/FrKBxX8kjjDW1BFAgGo0QQAG3Ws.png]
[framerusercontent.com/images/sSIfy1Xtqc15Jqi7pTYe7PwsT7I.png]
[framerusercontent.com/images/hHog0GsDEAxFbD71WdD2No6pA.png]
[framerusercontent.com/images/NHarH8JVslBES0jdGr1LxRlo7g.png]
[framerusercontent.com/images/V2fzUHvEzWL94t7zFPoZFKTWwc.png]
[framerusercontent.com/images/qSpy5UcA5SPWaECZtZqaV33cfYI.png]
[framerusercontent.com/images/O694kItdW90yNXfn7m0p2M1rLSE.png]
[framerusercontent.com/images/Dw3XJGmS40FLCKTF4eqtyxsJiV8.png]
[framerusercontent.com/images/DWKUUIX11j9GdrXRrvED7queqk.png]
[framerusercontent.com/images/mr0LH98UGKKxV6ymkJGXJ0fzsc.png]
[framerusercontent.com/images/P30xpacteFkCIi0HAZ5EZD1BPDA.png]
[framerusercontent.com/images/dP2n1nTcRXGLwcFRduoJazTzAL017f5.png]
[framerusercontent.com/images/YjpGU3jdaU3xKnzdYfXB28WIMw.png]
[framerusercontent.com/images/X29CeJCFJ9qhWhbVwzvwMxcE54.png]
[framerusercontent.com/images/4bjlvJdkqg5Z6EjkGggmU6S2s.png]
[framerusercontent.com/images/jwBFSfoVuvW4Dp04STguYicesZU.png]
[framerusercontent.com/images/oRaeM0p5UHXBbJwKo1Z6Im9pSg.png]
[framerusercontent.com/images/IxJxCJA17X8fDTMruwTtm7wGLH4.png]
[framerusercontent.com/images/c3AuWSfxBBMwBSqsZVWytWSow.png]
[framerusercontent.com/images/gZ5xxY7BtlBU2u754siF3U1SueI.png]
[framerusercontent.com/images/KT5nr5gm0QZpijSok38MlsVCtjg.png]
[framerusercontent.com/images/OMrzM5x6BN9KueBlAIqhIuf0H4a3fc.png]
[framerusercontent.com/images/RqgFyFOpk0Fgo4BnTiLmJZw2t6w.png]
[framerusercontent.com/images/4OQwR1Aw9yuqaBIm2sKFfT3Ss.png]
[framerusercontent.com/images/hON3V0C87XNI81DUi1dttriYG4.png]
[framerusercontent.com/images/T4rPIrPCm4mpIgopLRC8P8lhDs.png]
[framerusercontent.com/images/6qpgwtVw3VOzFrIruwNiEeHVjo.png]
[framerusercontent.com/images/bW2q7gJIT5PpnuKsY6M3KjEJI0.png]
[framerusercontent.com/images/zCvaT1wH8JjEEiN1PkKku1cxHE.png]
[framerusercontent.com/images/fjBtCnQNNMnz3dTlkmxZhLSt5E.png]
[framerusercontent.com/images/7JhbS4E0xZY5v4nnJtTJTZPOXc.png]
[framerusercontent.com/images/akQwkG43dvzJnQ2SEpOioAJCWs.png]
[framerusercontent.com/images/vppTAkcWiBq0XzizoaVbGaCAsKo.png]
[framerusercontent.com/images/xcRFlh6ujQfN3FFG43gqILcwos.png]
[framerusercontent.com/images/FV8GMAnNZaVB5A9kFs02VF8lcY.png]
[framerusercontent.com/images/RK8P1ifUG0wt0t4hfJFWc7RSBG8.png]
[framerusercontent.com/images/eXPWLdFGSB57IX4WSUpOMEQ6C4.png]
[framerusercontent.com/images/mk4XKOR74qrwZUOf47vLwxGCdjI.png]
[framerusercontent.com/images/MLFIwjsSkWiygb825hvOTXmNncA.png]
[framerusercontent.com/images/opnzptYRn09FSt0M1eevd1fxxXo.png]
[framerusercontent.com/images/zB3zrCS9cD9B8d3gX4w5LdKaY6A.png]
[framerusercontent.com/images/2Tk1MChGyM0vFdRTKouNniIbCw.png]
[framerusercontent.com/images/3cRDZeXMz5bxXeUTWvFu7Wh9LE.png]
[framerusercontent.com/images/n7kgszYrOziBsAicjvQxQrsHw.png]
[framerusercontent.com/images/D9iwQUcU9C1rWr3GSUUKkxaXhiY.png]
[framerusercontent.com/images/uORGcAi4IwQzFmJDnnqEHeDo.png]
[framerusercontent.com/images/MDOW2pfKZgIovty6mrSqbSn9S8Y.png]
[framerusercontent.com/images/uvFQ6hEfdVaeqG2LYHIizxPi4k.png]
[framerusercontent.com/images/hnOzBxB8GpoUXqIBQxNwhWJg.png]
[framerusercontent.com/images/kFCBkpHS6lk6K9rhwp8awDzzeA.png]
[framerusercontent.com/images/Y8qLFxKnrT7mH6FJTvxaiXbsFE.png]
[lijia.framer.website/index.html]
[lijia.framer.website/è§ç¤¼.html]
